// Jest Snapshot v1, https://goo.gl/fbAQLP

exports[`>>>App--- Snapshot +++capturing Snapshot of App 1`] = `
<div>
  <h1>
    navbar
  </h1>
  <h1>
    App
  </h1>
</div>
`;
